make -C configure install
make[1]: Entering directory `/reg/lab2/home/tomytsai/project/epics/modules/bldClient/configure'
perl /reg/lab2/home/tomytsai/project/epics//base//configure/tools/convertRelease.pl -h linux-x86 checkRelease
perl /reg/lab2/home/tomytsai/project/epics//base//configure/tools/makeMakefile.pl O.linux-x86 ../..
perl /reg/lab2/home/tomytsai/project/epics//base//configure/tools/makeMakefile.pl O.RTEMS-beatnik ../..
mkdir O.Common
make -C O.linux-x86 -f ../Makefile TOP=../.. T_A=linux-x86 install
make[2]: Entering directory `/reg/lab2/home/tomytsai/project/epics/modules/bldClient/configure/O.linux-x86'
perl /reg/lab2/home/tomytsai/project/epics//base//configure/tools/convertRelease.pl -h linux-x86 CONFIG_APP_INCLUDE
perl /reg/lab2/home/tomytsai/project/epics//base//configure/tools/convertRelease.pl -h linux-x86 RULES_INCLUDE
make[2]: Leaving directory `/reg/lab2/home/tomytsai/project/epics/modules/bldClient/configure/O.linux-x86'
make -C O.RTEMS-beatnik -f ../Makefile TOP=../.. T_A=RTEMS-beatnik install
make[2]: Entering directory `/reg/lab2/home/tomytsai/project/epics/modules/bldClient/configure/O.RTEMS-beatnik'
perl /reg/lab2/home/tomytsai/project/epics//base//configure/tools/convertRelease.pl -h linux-x86 CONFIG_APP_INCLUDE
perl /reg/lab2/home/tomytsai/project/epics//base//configure/tools/convertRelease.pl -h linux-x86 RULES_INCLUDE
make[2]: Leaving directory `/reg/lab2/home/tomytsai/project/epics/modules/bldClient/configure/O.RTEMS-beatnik'
make[1]: Leaving directory `/reg/lab2/home/tomytsai/project/epics/modules/bldClient/configure'
make -C bldClientLib install
make[1]: Entering directory `/reg/lab2/home/tomytsai/project/epics/modules/bldClient/bldClientLib'
make -C src install
make[2]: Entering directory `/reg/lab2/home/tomytsai/project/epics/modules/bldClient/bldClientLib/src'
perl /reg/lab2/home/tomytsai/project/epics//base//configure/tools/makeMakefile.pl O.linux-x86 ../../..
perl /reg/lab2/home/tomytsai/project/epics//base//configure/tools/makeMakefile.pl O.RTEMS-beatnik ../../..
mkdir O.Common
make -C O.linux-x86 -f ../Makefile TOP=../../.. T_A=linux-x86 install
make[3]: Entering directory `/reg/lab2/home/tomytsai/project/epics/modules/bldClient/bldClientLib/src/O.linux-x86'
make[3]: Leaving directory `/reg/lab2/home/tomytsai/project/epics/modules/bldClient/bldClientLib/src/O.linux-x86'
make[3]: Entering directory `/reg/lab2/home/tomytsai/project/epics/modules/bldClient/bldClientLib/src/O.linux-x86'
perl /reg/lab2/home/tomytsai/project/epics//base//configure/tools/makeIncludeDbd.pl bldSub.dbd ../O.Common/bldClientInclude.dbd
Expanding dbd
/reg/lab2/home/tomytsai/project/epics//base//bin/linux-x86/dbExpand  -I . -I .. -I ../../../dbd -I /reg/lab2/home/tomytsai/project/epics//base//dbd -I /reg/lab2/home/tomytsai/project/epics//base//dbd -o ../O.Common/bldClient.dbd ../O.Common/bldClientInclude.dbd
Installing dbd file ../../../dbd/bldClient.dbd
/usr/bin/g++ -c   -D_POSIX_C_SOURCE=199506L -D_POSIX_THREADS -D_XOPEN_SOURCE=500        -D_X86_  -DUNIX  -D_BSD_SOURCE -Dlinux  -D_REENTRANT -ansi  -O3  -Wall          -g -fPIC -I. -I.. -I../../../include/os/Linux -I../../../include -I/reg/lab2/home/tomytsai/project/epics//extensions//include/os/Linux -I/reg/lab2/home/tomytsai/project/epics//extensions//include -I/reg/lab2/home/tomytsai/project/epics//base//include/os/Linux -I/reg/lab2/home/tomytsai/project/epics//base//include -I/reg/lab2/home/tomytsai/project/epics//extensions//include/os/Linux -I/reg/lab2/home/tomytsai/project/epics//extensions//include -I/reg/lab2/home/tomytsai/project/epics//base//include/os/Linux -I/reg/lab2/home/tomytsai/project/epics//base//include        ../bldNetworkClient.cpp 
/usr/bin/g++ -c   -D_POSIX_C_SOURCE=199506L -D_POSIX_THREADS -D_XOPEN_SOURCE=500        -D_X86_  -DUNIX  -D_BSD_SOURCE -Dlinux  -D_REENTRANT -ansi  -O3  -Wall          -g -fPIC -I. -I.. -I../../../include/os/Linux -I../../../include -I/reg/lab2/home/tomytsai/project/epics//extensions//include/os/Linux -I/reg/lab2/home/tomytsai/project/epics//extensions//include -I/reg/lab2/home/tomytsai/project/epics//base//include/os/Linux -I/reg/lab2/home/tomytsai/project/epics//base//include -I/reg/lab2/home/tomytsai/project/epics//extensions//include/os/Linux -I/reg/lab2/home/tomytsai/project/epics//extensions//include -I/reg/lab2/home/tomytsai/project/epics//base//include/os/Linux -I/reg/lab2/home/tomytsai/project/epics//base//include        ../bldPvClient.cpp 
/usr/bin/g++ -c   -D_POSIX_C_SOURCE=199506L -D_POSIX_THREADS -D_XOPEN_SOURCE=500        -D_X86_  -DUNIX  -D_BSD_SOURCE -Dlinux  -D_REENTRANT -ansi  -O3  -Wall          -g -fPIC -I. -I.. -I../../../include/os/Linux -I../../../include -I/reg/lab2/home/tomytsai/project/epics//extensions//include/os/Linux -I/reg/lab2/home/tomytsai/project/epics//extensions//include -I/reg/lab2/home/tomytsai/project/epics//base//include/os/Linux -I/reg/lab2/home/tomytsai/project/epics//base//include -I/reg/lab2/home/tomytsai/project/epics//extensions//include/os/Linux -I/reg/lab2/home/tomytsai/project/epics//extensions//include -I/reg/lab2/home/tomytsai/project/epics//base//include/os/Linux -I/reg/lab2/home/tomytsai/project/epics//base//include        ../bldClientSub.cpp 
perl /reg/lab2/home/tomytsai/project/epics//base//bin/linux-x86/registerRecordDeviceDriver.pl ../O.Common/bldClient.dbd bldClient_registerRecordDeviceDriver > temp.cpp
mv temp.cpp bldClient_registerRecordDeviceDriver.cpp
/usr/bin/g++ -c   -D_POSIX_C_SOURCE=199506L -D_POSIX_THREADS -D_XOPEN_SOURCE=500        -D_X86_  -DUNIX  -D_BSD_SOURCE -Dlinux  -D_REENTRANT -ansi  -O3  -Wall          -g -fPIC -I. -I.. -I../../../include/os/Linux -I../../../include -I/reg/lab2/home/tomytsai/project/epics//extensions//include/os/Linux -I/reg/lab2/home/tomytsai/project/epics//extensions//include -I/reg/lab2/home/tomytsai/project/epics//base//include/os/Linux -I/reg/lab2/home/tomytsai/project/epics//base//include -I/reg/lab2/home/tomytsai/project/epics//extensions//include/os/Linux -I/reg/lab2/home/tomytsai/project/epics//extensions//include -I/reg/lab2/home/tomytsai/project/epics//base//include/os/Linux -I/reg/lab2/home/tomytsai/project/epics//base//include        bldClient_registerRecordDeviceDriver.cpp 
/usr/bin/ar -rc   liblibBldClient.a      bldNetworkClient.o bldPvClient.o bldClientSub.o bldClient_registerRecordDeviceDriver.o 
/usr/bin/ranlib liblibBldClient.a
Installing library ../../../lib/linux-x86/liblibBldClient.a
/usr/bin/ranlib ../../../lib/linux-x86/liblibBldClient.a
/usr/bin/g++ -o liblibBldClient.so -shared -fPIC                   bldNetworkClient.o bldPvClient.o bldClientSub.o bldClient_registerRecordDeviceDriver.o      -lpthread   -lreadline -lcurses -lm -lrt -lgcc
Installing shared library ../../../lib/linux-x86/liblibBldClient.so
make[3]: Leaving directory `/reg/lab2/home/tomytsai/project/epics/modules/bldClient/bldClientLib/src/O.linux-x86'
make -C O.RTEMS-beatnik -f ../Makefile TOP=../../.. T_A=RTEMS-beatnik install
make[3]: Entering directory `/reg/lab2/home/tomytsai/project/epics/modules/bldClient/bldClientLib/src/O.RTEMS-beatnik'
make[3]: Leaving directory `/reg/lab2/home/tomytsai/project/epics/modules/bldClient/bldClientLib/src/O.RTEMS-beatnik'
make[3]: Entering directory `/reg/lab2/home/tomytsai/project/epics/modules/bldClient/bldClientLib/src/O.RTEMS-beatnik'
/reg/g/pcds/package/rtems/rtems-4.7.1/host/i386_linux2x//bin/powerpc-rtems-g++ -B/reg/g/pcds/package/rtems/rtems-4.7.1/target/powerpc-rtems/beatnik/lib/ -specs bsp_specs -qrtems   -c   -mcpu=7450 -Dmpc7455 -mno-altivec -mabi=altivec -mvrsave=no -mmultiple -mstring               -DUNIX  -DUNIX    -ansi  -O1 -Wno-unused -qrtems_debug  -Wall     -DRTEMS -g  -DHAVE_MOTLOAD -DMY_DO_BOOTP=NULL -DHAVE_MOTLOAD -mlongcall     -I. -I.. -I../../../include/os/RTEMS -I../../../include -I/reg/lab2/home/tomytsai/project/epics//extensions//include/os/RTEMS -I/reg/lab2/home/tomytsai/project/epics//extensions//include -I/reg/lab2/home/tomytsai/project/epics//base//include/os/RTEMS -I/reg/lab2/home/tomytsai/project/epics//base//include -I/reg/lab2/home/tomytsai/project/epics//extensions//include/os/RTEMS -I/reg/lab2/home/tomytsai/project/epics//extensions//include -I/reg/lab2/home/tomytsai/project/epics//base//include/os/RTEMS -I/reg/lab2/home/tomytsai/project/epics//base//include       -I/reg/g/pcds/package/rtems/rtems-4.7.1/target/ssrlApps/powerpc-rtems/beatnik//include -I/reg/g/pcds/package/rtems/rtems-4.7.1/target/ssrlApps/powerpc-rtems/beatnik//include -I/reg/g/pcds/package/rtems/rtems-4.7.1/target/ssrlApps/powerpc-rtems/beatnik//include -I/reg/g/pcds/package/rtems/rtems-4.7.1/target/ssrlApps/powerpc-rtems/beatnik//include  ../bldNetworkClient.cpp 
/reg/g/pcds/package/rtems/rtems-4.7.1/host/i386_linux2x//bin/powerpc-rtems-g++ -B/reg/g/pcds/package/rtems/rtems-4.7.1/target/powerpc-rtems/beatnik/lib/ -specs bsp_specs -qrtems   -c   -mcpu=7450 -Dmpc7455 -mno-altivec -mabi=altivec -mvrsave=no -mmultiple -mstring               -DUNIX  -DUNIX    -ansi  -O1 -Wno-unused -qrtems_debug  -Wall     -DRTEMS -g  -DHAVE_MOTLOAD -DMY_DO_BOOTP=NULL -DHAVE_MOTLOAD -mlongcall     -I. -I.. -I../../../include/os/RTEMS -I../../../include -I/reg/lab2/home/tomytsai/project/epics//extensions//include/os/RTEMS -I/reg/lab2/home/tomytsai/project/epics//extensions//include -I/reg/lab2/home/tomytsai/project/epics//base//include/os/RTEMS -I/reg/lab2/home/tomytsai/project/epics//base//include -I/reg/lab2/home/tomytsai/project/epics//extensions//include/os/RTEMS -I/reg/lab2/home/tomytsai/project/epics//extensions//include -I/reg/lab2/home/tomytsai/project/epics//base//include/os/RTEMS -I/reg/lab2/home/tomytsai/project/epics//base//include       -I/reg/g/pcds/package/rtems/rtems-4.7.1/target/ssrlApps/powerpc-rtems/beatnik//include -I/reg/g/pcds/package/rtems/rtems-4.7.1/target/ssrlApps/powerpc-rtems/beatnik//include -I/reg/g/pcds/package/rtems/rtems-4.7.1/target/ssrlApps/powerpc-rtems/beatnik//include -I/reg/g/pcds/package/rtems/rtems-4.7.1/target/ssrlApps/powerpc-rtems/beatnik//include  ../bldPvClient.cpp 
/reg/g/pcds/package/rtems/rtems-4.7.1/host/i386_linux2x//bin/powerpc-rtems-g++ -B/reg/g/pcds/package/rtems/rtems-4.7.1/target/powerpc-rtems/beatnik/lib/ -specs bsp_specs -qrtems   -c   -mcpu=7450 -Dmpc7455 -mno-altivec -mabi=altivec -mvrsave=no -mmultiple -mstring               -DUNIX  -DUNIX    -ansi  -O1 -Wno-unused -qrtems_debug  -Wall     -DRTEMS -g  -DHAVE_MOTLOAD -DMY_DO_BOOTP=NULL -DHAVE_MOTLOAD -mlongcall     -I. -I.. -I../../../include/os/RTEMS -I../../../include -I/reg/lab2/home/tomytsai/project/epics//extensions//include/os/RTEMS -I/reg/lab2/home/tomytsai/project/epics//extensions//include -I/reg/lab2/home/tomytsai/project/epics//base//include/os/RTEMS -I/reg/lab2/home/tomytsai/project/epics//base//include -I/reg/lab2/home/tomytsai/project/epics//extensions//include/os/RTEMS -I/reg/lab2/home/tomytsai/project/epics//extensions//include -I/reg/lab2/home/tomytsai/project/epics//base//include/os/RTEMS -I/reg/lab2/home/tomytsai/project/epics//base//include       -I/reg/g/pcds/package/rtems/rtems-4.7.1/target/ssrlApps/powerpc-rtems/beatnik//include -I/reg/g/pcds/package/rtems/rtems-4.7.1/target/ssrlApps/powerpc-rtems/beatnik//include -I/reg/g/pcds/package/rtems/rtems-4.7.1/target/ssrlApps/powerpc-rtems/beatnik//include -I/reg/g/pcds/package/rtems/rtems-4.7.1/target/ssrlApps/powerpc-rtems/beatnik//include  ../bldClientSub.cpp 
perl /reg/lab2/home/tomytsai/project/epics//base//bin/linux-x86/registerRecordDeviceDriver.pl ../O.Common/bldClient.dbd bldClient_registerRecordDeviceDriver > temp.cpp
/bin/mv temp.cpp bldClient_registerRecordDeviceDriver.cpp
/reg/g/pcds/package/rtems/rtems-4.7.1/host/i386_linux2x//bin/powerpc-rtems-g++ -B/reg/g/pcds/package/rtems/rtems-4.7.1/target/powerpc-rtems/beatnik/lib/ -specs bsp_specs -qrtems   -c   -mcpu=7450 -Dmpc7455 -mno-altivec -mabi=altivec -mvrsave=no -mmultiple -mstring               -DUNIX  -DUNIX    -ansi  -O1 -Wno-unused -qrtems_debug  -Wall     -DRTEMS -g  -DHAVE_MOTLOAD -DMY_DO_BOOTP=NULL -DHAVE_MOTLOAD -mlongcall     -I. -I.. -I../../../include/os/RTEMS -I../../../include -I/reg/lab2/home/tomytsai/project/epics//extensions//include/os/RTEMS -I/reg/lab2/home/tomytsai/project/epics//extensions//include -I/reg/lab2/home/tomytsai/project/epics//base//include/os/RTEMS -I/reg/lab2/home/tomytsai/project/epics//base//include -I/reg/lab2/home/tomytsai/project/epics//extensions//include/os/RTEMS -I/reg/lab2/home/tomytsai/project/epics//extensions//include -I/reg/lab2/home/tomytsai/project/epics//base//include/os/RTEMS -I/reg/lab2/home/tomytsai/project/epics//base//include       -I/reg/g/pcds/package/rtems/rtems-4.7.1/target/ssrlApps/powerpc-rtems/beatnik//include -I/reg/g/pcds/package/rtems/rtems-4.7.1/target/ssrlApps/powerpc-rtems/beatnik//include -I/reg/g/pcds/package/rtems/rtems-4.7.1/target/ssrlApps/powerpc-rtems/beatnik//include -I/reg/g/pcds/package/rtems/rtems-4.7.1/target/ssrlApps/powerpc-rtems/beatnik//include  bldClient_registerRecordDeviceDriver.cpp 
/reg/g/pcds/package/rtems/rtems-4.7.1/host/i386_linux2x//bin/powerpc-rtems-ar ruv  liblibBldClient.a      bldNetworkClient.o bldPvClient.o bldClientSub.o bldClient_registerRecordDeviceDriver.o 
a - bldNetworkClient.o
a - bldPvClient.o
a - bldClientSub.o
a - bldClient_registerRecordDeviceDriver.o
/reg/g/pcds/package/rtems/rtems-4.7.1/host/i386_linux2x//bin/powerpc-rtems-ranlib liblibBldClient.a
Installing library ../../../lib/RTEMS-beatnik/liblibBldClient.a
/reg/g/pcds/package/rtems/rtems-4.7.1/host/i386_linux2x//bin/powerpc-rtems-ranlib ../../../lib/RTEMS-beatnik/liblibBldClient.a
make[3]: Leaving directory `/reg/lab2/home/tomytsai/project/epics/modules/bldClient/bldClientLib/src/O.RTEMS-beatnik'
make[2]: Leaving directory `/reg/lab2/home/tomytsai/project/epics/modules/bldClient/bldClientLib/src'
make -C srcDisplay install
make[2]: Entering directory `/reg/lab2/home/tomytsai/project/epics/modules/bldClient/bldClientLib/srcDisplay'
make[2]: Nothing to be done for `install'.
make[2]: Leaving directory `/reg/lab2/home/tomytsai/project/epics/modules/bldClient/bldClientLib/srcDisplay'
make -C Db install
make[2]: Entering directory `/reg/lab2/home/tomytsai/project/epics/modules/bldClient/bldClientLib/Db'
perl /reg/lab2/home/tomytsai/project/epics//base//configure/tools/makeMakefile.pl O.linux-x86 ../../..
perl /reg/lab2/home/tomytsai/project/epics//base//configure/tools/makeMakefile.pl O.RTEMS-beatnik ../../..
mkdir O.Common
make -C O.linux-x86 -f ../Makefile TOP=../../.. T_A=linux-x86 install
make[3]: Entering directory `/reg/lab2/home/tomytsai/project/epics/modules/bldClient/bldClientLib/Db/O.linux-x86'
make[3]: Nothing to be done for `install'.
make[3]: Leaving directory `/reg/lab2/home/tomytsai/project/epics/modules/bldClient/bldClientLib/Db/O.linux-x86'
make -C O.RTEMS-beatnik -f ../Makefile TOP=../../.. T_A=RTEMS-beatnik install
make[3]: Entering directory `/reg/lab2/home/tomytsai/project/epics/modules/bldClient/bldClientLib/Db/O.RTEMS-beatnik'
make[3]: Nothing to be done for `install'.
make[3]: Leaving directory `/reg/lab2/home/tomytsai/project/epics/modules/bldClient/bldClientLib/Db/O.RTEMS-beatnik'
make[2]: Leaving directory `/reg/lab2/home/tomytsai/project/epics/modules/bldClient/bldClientLib/Db'
make[1]: Leaving directory `/reg/lab2/home/tomytsai/project/epics/modules/bldClient/bldClientLib'
make -C bldClientApp install
make[1]: Entering directory `/reg/lab2/home/tomytsai/project/epics/modules/bldClient/bldClientApp'
make -C src install
make[2]: Entering directory `/reg/lab2/home/tomytsai/project/epics/modules/bldClient/bldClientApp/src'
perl /reg/lab2/home/tomytsai/project/epics//base//configure/tools/makeMakefile.pl O.linux-x86 ../../..
perl /reg/lab2/home/tomytsai/project/epics//base//configure/tools/makeMakefile.pl O.RTEMS-beatnik ../../..
mkdir O.Common
make -C O.linux-x86 -f ../Makefile TOP=../../.. T_A=linux-x86 install
make[3]: Entering directory `/reg/lab2/home/tomytsai/project/epics/modules/bldClient/bldClientApp/src/O.linux-x86'
make[3]: Leaving directory `/reg/lab2/home/tomytsai/project/epics/modules/bldClient/bldClientApp/src/O.linux-x86'
make[3]: Entering directory `/reg/lab2/home/tomytsai/project/epics/modules/bldClient/bldClientApp/src/O.linux-x86'
/usr/bin/g++ -c   -D_POSIX_C_SOURCE=199506L -D_POSIX_THREADS -D_XOPEN_SOURCE=500        -D_X86_  -DUNIX  -D_BSD_SOURCE -Dlinux  -D_REENTRANT -ansi  -O3  -Wall          -g  -I. -I.. -I../../../include/os/Linux -I../../../include -I/reg/lab2/home/tomytsai/project/epics//extensions//include/os/Linux -I/reg/lab2/home/tomytsai/project/epics//extensions//include -I/reg/lab2/home/tomytsai/project/epics//base//include/os/Linux -I/reg/lab2/home/tomytsai/project/epics//base//include -I/reg/lab2/home/tomytsai/project/epics//extensions//include/os/Linux -I/reg/lab2/home/tomytsai/project/epics//extensions//include -I/reg/lab2/home/tomytsai/project/epics//base//include/os/Linux -I/reg/lab2/home/tomytsai/project/epics//base//include        ../bldNetworkClientTest.cpp 
/usr/bin/g++ -c   -D_POSIX_C_SOURCE=199506L -D_POSIX_THREADS -D_XOPEN_SOURCE=500        -D_X86_  -DUNIX  -D_BSD_SOURCE -Dlinux  -D_REENTRANT -ansi  -O3  -Wall          -g  -I. -I.. -I../../../include/os/Linux -I../../../include -I/reg/lab2/home/tomytsai/project/epics//extensions//include/os/Linux -I/reg/lab2/home/tomytsai/project/epics//extensions//include -I/reg/lab2/home/tomytsai/project/epics//base//include/os/Linux -I/reg/lab2/home/tomytsai/project/epics//base//include -I/reg/lab2/home/tomytsai/project/epics//extensions//include/os/Linux -I/reg/lab2/home/tomytsai/project/epics//extensions//include -I/reg/lab2/home/tomytsai/project/epics//base//include/os/Linux -I/reg/lab2/home/tomytsai/project/epics//base//include        ../bldClientMain.cpp 
/usr/bin/g++ -o bldClient  -L/reg/lab2/home/tomytsai/project/epics/modules/bldClient/lib/linux-x86 -L/reg/lab2/home/tomytsai/project/epics//base//lib/linux-x86/ -Wl,-rpath,/reg/lab2/home/tomytsai/project/epics/modules/bldClient/lib/linux-x86 -Wl,-rpath,/reg/lab2/home/tomytsai/project/epics//base//lib/linux-x86/                 bldNetworkClientTest.o bldClientMain.o    -llibBldClient -lrecIoc -lsoftDevIoc -liocsh -lmiscIoc -lrsrvIoc -ldbtoolsIoc -lasIoc -ldbIoc -lregistryIoc -ldbStaticIoc -lca -lCom 
Installing binary ../../../bin/linux-x86/bldClient
make[3]: Leaving directory `/reg/lab2/home/tomytsai/project/epics/modules/bldClient/bldClientApp/src/O.linux-x86'
make -C O.RTEMS-beatnik -f ../Makefile TOP=../../.. T_A=RTEMS-beatnik install
make[3]: Entering directory `/reg/lab2/home/tomytsai/project/epics/modules/bldClient/bldClientApp/src/O.RTEMS-beatnik'
make[3]: Leaving directory `/reg/lab2/home/tomytsai/project/epics/modules/bldClient/bldClientApp/src/O.RTEMS-beatnik'
make[3]: Entering directory `/reg/lab2/home/tomytsai/project/epics/modules/bldClient/bldClientApp/src/O.RTEMS-beatnik'
/reg/g/pcds/package/rtems/rtems-4.7.1/host/i386_linux2x//bin/powerpc-rtems-g++ -B/reg/g/pcds/package/rtems/rtems-4.7.1/target/powerpc-rtems/beatnik/lib/ -specs bsp_specs -qrtems   -c   -mcpu=7450 -Dmpc7455 -mno-altivec -mabi=altivec -mvrsave=no -mmultiple -mstring               -DUNIX  -DUNIX    -ansi  -O1 -Wno-unused -qrtems_debug  -Wall     -DRTEMS -g  -DHAVE_MOTLOAD -DMY_DO_BOOTP=NULL -DHAVE_MOTLOAD -mlongcall     -I. -I.. -I../../../include/os/RTEMS -I../../../include -I/reg/lab2/home/tomytsai/project/epics//extensions//include/os/RTEMS -I/reg/lab2/home/tomytsai/project/epics//extensions//include -I/reg/lab2/home/tomytsai/project/epics//base//include/os/RTEMS -I/reg/lab2/home/tomytsai/project/epics//base//include -I/reg/lab2/home/tomytsai/project/epics//extensions//include/os/RTEMS -I/reg/lab2/home/tomytsai/project/epics//extensions//include -I/reg/lab2/home/tomytsai/project/epics//base//include/os/RTEMS -I/reg/lab2/home/tomytsai/project/epics//base//include       -I/reg/g/pcds/package/rtems/rtems-4.7.1/target/ssrlApps/powerpc-rtems/beatnik//include -I/reg/g/pcds/package/rtems/rtems-4.7.1/target/ssrlApps/powerpc-rtems/beatnik//include -I/reg/g/pcds/package/rtems/rtems-4.7.1/target/ssrlApps/powerpc-rtems/beatnik//include -I/reg/g/pcds/package/rtems/rtems-4.7.1/target/ssrlApps/powerpc-rtems/beatnik//include  ../bldNetworkClientTest.cpp 
/reg/g/pcds/package/rtems/rtems-4.7.1/host/i386_linux2x//bin/powerpc-rtems-g++ -B/reg/g/pcds/package/rtems/rtems-4.7.1/target/powerpc-rtems/beatnik/lib/ -specs bsp_specs -qrtems   -nostdlib -o bldClient.obj -static -L/reg/lab2/home/tomytsai/project/epics/modules/bldClient/lib/RTEMS-beatnik -L/reg/lab2/home/tomytsai/project/epics/modules/bldClient/lib/RTEMS-beatnik      -mcpu=7450 -Dmpc7455 -mno-altivec -mabi=altivec -mvrsave=no -mmultiple -mstring -Wl,-r  -L/reg/g/pcds/package/rtems/rtems-4.7.1/target/ssrlApps/powerpc-rtems/beatnik//lib         bldNetworkClientTest.o    -llibBldClient     
Installing binary ../../../bin/RTEMS-beatnik/bldClient.obj
make[3]: Leaving directory `/reg/lab2/home/tomytsai/project/epics/modules/bldClient/bldClientApp/src/O.RTEMS-beatnik'
make[2]: Leaving directory `/reg/lab2/home/tomytsai/project/epics/modules/bldClient/bldClientApp/src'
make -C Db install
make[2]: Entering directory `/reg/lab2/home/tomytsai/project/epics/modules/bldClient/bldClientApp/Db'
perl /reg/lab2/home/tomytsai/project/epics//base//configure/tools/makeMakefile.pl O.linux-x86 ../../..
perl /reg/lab2/home/tomytsai/project/epics//base//configure/tools/makeMakefile.pl O.RTEMS-beatnik ../../..
mkdir O.Common
make -C O.linux-x86 -f ../Makefile TOP=../../.. T_A=linux-x86 install
make[3]: Entering directory `/reg/lab2/home/tomytsai/project/epics/modules/bldClient/bldClientApp/Db/O.linux-x86'
make[3]: Nothing to be done for `install'.
make[3]: Leaving directory `/reg/lab2/home/tomytsai/project/epics/modules/bldClient/bldClientApp/Db/O.linux-x86'
make -C O.RTEMS-beatnik -f ../Makefile TOP=../../.. T_A=RTEMS-beatnik install
make[3]: Entering directory `/reg/lab2/home/tomytsai/project/epics/modules/bldClient/bldClientApp/Db/O.RTEMS-beatnik'
make[3]: Nothing to be done for `install'.
make[3]: Leaving directory `/reg/lab2/home/tomytsai/project/epics/modules/bldClient/bldClientApp/Db/O.RTEMS-beatnik'
make[2]: Leaving directory `/reg/lab2/home/tomytsai/project/epics/modules/bldClient/bldClientApp/Db'
make[1]: Leaving directory `/reg/lab2/home/tomytsai/project/epics/modules/bldClient/bldClientApp'
